// Jest Snapshot v1, https://goo.gl/fbAQLP

exports[`correctly render component: not rendered 1`] = `
<Delay
  render={[Function]}
  timeout={100}
/>
`;

exports[`correctly render component: rendered 1`] = `
<Delay
  render={[Function]}
  timeout={100}
/>
`;
