// Jest Snapshot v1, https://goo.gl/fbAQLP

exports[`merge classnames 1`] = `
Object {
  "className": "foo bar",
}
`;
