// Jest Snapshot v1, https://goo.gl/fbAQLP

exports[`available ratios 1`] = `
Object {
  "goldenRatio": 1.618,
  "majorSixth": 1.667,
  "perfectFifth": 1.5,
  "perfectFourth": 1.333,
}
`;

exports[`base font size 1`] = `16`;
