// Jest Snapshot v1, https://goo.gl/fbAQLP

exports[`render correct 1`] = `
<li
  className=""
/>
`;
