// Jest Snapshot v1, https://goo.gl/fbAQLP

exports[`render correct 1`] = `
.c0 {
  margin: 0;
  padding: 0;
  list-style: none;
}

<ul
  className="c0"
/>
`;
