// Jest Snapshot v1, https://goo.gl/fbAQLP

exports[`render correctly 1`] = `
.c0 {
  width: 100%;
  padding: 1rem 1rem 0rem;
}

@media all and (min-width:768px) {
  .c0 {
    -webkit-order: 1;
    -ms-flex-order: 1;
    order: 1;
    width: 350px;
  }
}

@media print {
  .c0 {
    width: 50%;
    padding: 0rem;
  }
}

@media all and (min-width:768px) {
  .c0 {
    padding: 1rem 2rem;
  }
}

<header
  className="c0"
>
  Text
</header>
`;
