// Jest Snapshot v1, https://goo.gl/fbAQLP

exports[`render correctly 1`] = `
.c0 {
  width: 100%;
  -webkit-flex: 1;
  -ms-flex: 1;
  flex: 1;
  padding: 1rem;
}

@media (min-width:768px) {
  .c0 {
    -webkit-flex-basis: 100%;
    -ms-flex-preferred-size: 100%;
    flex-basis: 100%;
    -webkit-order: 2;
    -ms-flex-order: 2;
    order: 2;
    width: calc(100% - 300px);
  }
}

<main
  className="c0"
>
  Text
</main>
`;
