// Jest Snapshot v1, https://goo.gl/fbAQLP

exports[`render correctly 1`] = `
.c0 {
  width: 100%;
  background: #fafafa;
  padding: 1rem;
}

@media (min-width:768px) {
  .c0 {
    -webkit-order: 1;
    -ms-flex-order: 1;
    order: 1;
    width: 300px;
  }
}

<div
  className="c0"
/>
`;
