// Jest Snapshot v1, https://goo.gl/fbAQLP

exports[`render correct 1`] = `
.c0 {
  display: inline-block;
  height: 2rem;
  width: 2rem;
}

<span
  className="c0"
/>
`;
