// Jest Snapshot v1, https://goo.gl/fbAQLP

exports[`render correct 1`] = `
.c0 {
  display: inline-block;
  height: 2rem;
  width: 2rem;
  color: #e0e0e0;
}

.c0:hover {
  color: #757575;
}

<styled.a
  className="c0"
  theme={
    Object {
      "animation": Object {
        "fadeInUp": "eqHJzO",
      },
      "background": Object {
        "body": "#fff",
      },
      "breakpoints": Object {
        "large": 1280,
        "medium": 1024,
        "small": 768,
      },
      "layout": Object {
        "content": 800,
        "sidebar": 350,
      },
      "palette": Object {
        "black": "#000",
        "grey": Object {
          "100": "#f5f5f5",
          "200": "#eeeeee",
          "300": "#e0e0e0",
          "400": "#bdbdbd",
          "50": "#fafafa",
          "500": "#9e9e9e",
          "600": "#757575",
          "700": "#616161",
          "800": "#424242",
          "900": "#212121",
        },
        "white": "#fff",
      },
      "space": Object {
        "baseline": 16,
      },
      "typography": Object {
        "body": Object {
          "color": "#757575",
          "fontFamily": "'Raleway', sans-serif;",
          "fontSize": "1rem",
          "fontWeight": 300,
          "lineHeight": "2rem",
          "marginBottom": "0.375rem",
          "marginTop": 0,
          "paddingTop": "0.625rem",
        },
        "caption": Object {
          "color": "#bdbdbd",
          "fontFamily": "'Montserrat', sans-serif;",
          "fontSize": "1rem",
          "fontWeight": 300,
          "lineHeight": "1rem",
          "marginBottom": "0.875rem",
          "marginTop": 0,
          "paddingTop": "0.125rem",
        },
        "display": Object {
          "color": "#212121",
          "fontFamily": "'Montserrat', sans-serif;",
          "fontSize": "3.375rem",
          "fontWeight": 300,
          "letterSpacing": "-1px",
          "lineHeight": "4rem",
          "marginBottom": "0.25rem",
          "marginTop": 0,
          "paddingTop": "0.75rem",
        },
        "fontFamily": Object {
          "body": "'Raleway', sans-serif;",
          "heading": "'Montserrat', sans-serif;",
        },
        "heading": Object {
          "color": "#212121",
          "fontFamily": "'Montserrat', sans-serif;",
          "fontSize": "2.25rem",
          "fontWeight": 400,
          "lineHeight": "4rem",
          "marginBottom": "0.8125rem",
          "marginTop": 0,
          "paddingTop": "0.1875rem",
          "textTransform": "uppercase",
        },
        "htmlFontSize": 16,
        "subheading": Object {
          "color": "#212121",
          "fontFamily": "'Montserrat', sans-serif;",
          "fontSize": "1.5rem",
          "fontWeight": 300,
          "lineHeight": "2rem",
          "marginBottom": "0.5625rem",
          "marginTop": 0,
          "paddingTop": "0.4375rem",
          "textTransform": "uppercase",
        },
      },
    }
  }
/>
`;
