// Jest Snapshot v1, https://goo.gl/fbAQLP

exports[`render consumer 1`] = `
Array [
  Array [
    undefined,
  ],
]
`;

exports[`render provider 1`] = `
<Component
  cv={Object {}}
>
  child
</Component>
`;
